[Sulfuras, Hand of Ragnaros, -1, 80] => Sulfuras, Hand of Ragnaros, -1, 80 
[Sulfuras, Hand of Ragnaros, 0, 80] => Sulfuras, Hand of Ragnaros, 0, 80 
[Sulfuras, Hand of Ragnaros, 1, 80] => Sulfuras, Hand of Ragnaros, 1, 80 
[Sulfuras, Hand of Ragnaros, 4, 80] => Sulfuras, Hand of Ragnaros, 4, 80 
[Sulfuras, Hand of Ragnaros, 5, 80] => Sulfuras, Hand of Ragnaros, 5, 80 
[Sulfuras, Hand of Ragnaros, 6, 80] => Sulfuras, Hand of Ragnaros, 6, 80 
[Sulfuras, Hand of Ragnaros, 7, 80] => Sulfuras, Hand of Ragnaros, 7, 80 
[Sulfuras, Hand of Ragnaros, 9, 80] => Sulfuras, Hand of Ragnaros, 9, 80 
[Sulfuras, Hand of Ragnaros, 10, 80] => Sulfuras, Hand of Ragnaros, 10, 80 
[Sulfuras, Hand of Ragnaros, 11, 80] => Sulfuras, Hand of Ragnaros, 11, 80 
